#-----------------------------------------------------------
# Vivado v2024.1 (64-bit)
# SW Build 5076996 on Wed May 22 18:37:14 MDT 2024
# IP Build 5075265 on Wed May 22 21:45:21 MDT 2024
# SharedData Build 5076995 on Wed May 22 18:29:18 MDT 2024
# Start of session at: Sat Jun 20 16:54:50 2026
# Process ID: 3092
# Current directory: C:/Users/Arf/Desktop/ip_camera/New folder/IP-Camera-on-board-Antminer-S9/ip_camera
# Command line: vivado.exe -gui_launcher_event rodinguilauncherevent2088 C:\Users\Arf\Desktop\ip_camera\New folder\IP-Camera-on-board-Antminer-S9\ip_camera\ip_camera.xpr
# Log file: C:/Users/Arf/Desktop/ip_camera/New folder/IP-Camera-on-board-Antminer-S9/ip_camera/vivado.log
# Journal file: C:/Users/Arf/Desktop/ip_camera/New folder/IP-Camera-on-board-Antminer-S9/ip_camera\vivado.jou
# Running On        :DESKTOP-GTOUM49
# Platform          :Windows Server 2016 or Windows 10
# Operating System  :19045
# Processor Detail  :Intel(R) Core(TM) i3-8130U CPU @ 2.20GHz
# CPU Frequency     :2208 MHz
# CPU Physical cores:2
# CPU Logical cores :4
# Host memory       :3688 MB
# Swap memory       :2281 MB
# Total Virtual     :5970 MB
# Available Virtual :3698 MB
#-----------------------------------------------------------
start_gui
open_project {C:/Users/Arf/Desktop/ip_camera/New folder/IP-Camera-on-board-Antminer-S9/ip_camera/ip_camera.xpr}
update_compile_order -fileset sources_1
file mkdir C:/Users/Arf/Desktop/ip_camera/New folder/IP-Camera-on-board-Antminer-S9/ip_camera/ip_camera.srcs/constrs_1
file mkdir C:/Users/Arf/Desktop/ip_camera/New folder/IP-Camera-on-board-Antminer-S9/ip_camera/ip_camera.srcs/constrs_1
file mkdir C:/Users/Arf/Desktop/ip_camera/New folder/IP-Camera-on-board-Antminer-S9/ip_camera/ip_camera.srcs/constrs_1/new
file mkdir C:/Users/Arf/Desktop/ip_camera/New folder/IP-Camera-on-board-Antminer-S9/ip_camera/ip_camera.srcs/constrs_1/new
file mkdir C:/Users/Arf/Desktop/ip_camera/New folder/IP-Camera-on-board-Antminer-S9/ip_camera/ip_camera.srcs/constrs_1/new
file mkdir C:/Users/Arf/Desktop/ip_camera/New folder/IP-Camera-on-board-Antminer-S9/ip_camera/ip_camera.srcs/constrs_1/new
file mkdir C:/Users/Arf/Desktop/ip_camera/New folder/IP-Camera-on-board-Antminer-S9/ip_camera/ip_camera.srcs/constrs_1
file mkdir {C:/Users/Arf/Desktop/ip_camera/New folder/IP-Camera-on-board-Antminer-S9/ip_camera/ip_camera.srcs/constrs_1/new}
close [ open {C:/Users/Arf/Desktop/ip_camera/New folder/IP-Camera-on-board-Antminer-S9/ip_camera/ip_camera.srcs/constrs_1/new/antminer_ov7670.xdc} w ]
add_files -fileset constrs_1 {{C:/Users/Arf/Desktop/ip_camera/New folder/IP-Camera-on-board-Antminer-S9/ip_camera/ip_camera.srcs/constrs_1/new/antminer_ov7670.xdc}}
open_bd_design {C:/Users/Arf/Desktop/ip_camera/New folder/IP-Camera-on-board-Antminer-S9/ip_camera/ip_camera.srcs/sources_1/bd/design_1/design_1.bd}
reset_run synth_1
launch_runs synth_1 -jobs 2
wait_on_run synth_1
launch_runs impl_1 -jobs 2
wait_on_run impl_1
reset_run synth_1
launch_runs synth_1 -jobs 2
wait_on_run synth_1
launch_runs impl_1 -jobs 2
wait_on_run impl_1
delete_bd_objs [get_bd_intf_nets axi_gpio_0_GPIO]
delete_bd_objs [get_bd_intf_nets smartconnect_0_M01_AXI] [get_bd_cells axi_gpio_0]
delete_bd_objs [get_bd_intf_ports GPIO_0]
delete_bd_objs [get_bd_nets ov7670_controller_0_config_finished]
undo
undo
undo
undo
delete_bd_objs [get_bd_intf_nets smartconnect_0_M01_AXI] [get_bd_intf_nets axi_gpio_0_GPIO] [get_bd_cells axi_gpio_0]
delete_bd_objs [get_bd_nets ov7670_controller_0_config_finished]
delete_bd_objs [get_bd_ports config_finished_0]
delete_bd_objs [get_bd_nets ov7670_controller_0_reset] [get_bd_ports reset_0]
delete_bd_objs [get_bd_nets ov7670_controller_0_pwdn] [get_bd_ports pwdn_0]
validate_bd_design
make_wrapper -files [get_files {{C:/Users/Arf/Desktop/ip_camera/New folder/IP-Camera-on-board-Antminer-S9/ip_camera/ip_camera.srcs/sources_1/bd/design_1/design_1.bd}}] -top
reset_run design_1_processing_system7_0_0_synth_1
reset_run design_1_proc_sys_reset_0_0_synth_1
reset_run design_1_axi_vdma_0_0_synth_1
reset_run design_1_axis_data_fifo_0_0_synth_1
reset_run design_1_smartconnect_0_0_synth_1
reset_run design_1_smartconnect_1_0_synth_1
reset_run synth_1
launch_runs synth_1 -jobs 2
wait_on_run synth_1
launch_runs impl_1 -jobs 2
wait_on_run impl_1
