#-----------------------------------------------------------
# Vivado v2024.1 (64-bit)
# SW Build 5076996 on Wed May 22 18:37:14 MDT 2024
# IP Build 5075265 on Wed May 22 21:45:21 MDT 2024
# SharedData Build 5076995 on Wed May 22 18:29:18 MDT 2024
# Start of session at: Thu Jul 23 23:15:06 2026
# Process ID: 8952
# Current directory: C:/Users/Arf/Desktop/IP-Camera/ip_camera
# Command line: vivado.exe -gui_launcher_event rodinguilauncherevent7956 C:\Users\Arf\Desktop\IP-Camera\ip_camera\ip_camera.xpr
# Log file: C:/Users/Arf/Desktop/IP-Camera/ip_camera/vivado.log
# Journal file: C:/Users/Arf/Desktop/IP-Camera/ip_camera\vivado.jou
# Running On        :DESKTOP-GTOUM49
# Platform          :Windows Server 2016 or Windows 10
# Operating System  :19045
# Processor Detail  :Intel(R) Core(TM) i3-8130U CPU @ 2.20GHz
# CPU Frequency     :2208 MHz
# CPU Physical cores:2
# CPU Logical cores :4
# Host memory       :3688 MB
# Swap memory       :3801 MB
# Total Virtual     :7490 MB
# Available Virtual :3915 MB
#-----------------------------------------------------------
start_gui
open_project C:/Users/Arf/Desktop/IP-Camera/ip_camera/ip_camera.xpr
WARNING: [Board 49-26] cannot add Board Part xilinx.com:kcu105:part0:1.6 available at E:/xilinx/Vivado/2024.1/data/xhub/boards/XilinxBoardStore/boards/Xilinx/kcu105/1.6/board.xml as part xcku040-ffva1156-2-e specified in board_part file is either invalid or not available
WARNING: [Board 49-26] cannot add Board Part xilinx.com:kcu105:part0:1.7 available at E:/xilinx/Vivado/2024.1/data/xhub/boards/XilinxBoardStore/boards/Xilinx/kcu105/1.7/board.xml as part xcku040-ffva1156-2-e specified in board_part file is either invalid or not available
WARNING: [Board 49-26] cannot add Board Part xilinx.com:kcu116:part0:1.4 available at E:/xilinx/Vivado/2024.1/data/xhub/boards/XilinxBoardStore/boards/Xilinx/kcu116/1.4/board.xml as part xcku5p-ffvb676-2-e specified in board_part file is either invalid or not available
WARNING: [Board 49-26] cannot add Board Part xilinx.com:kcu116:part0:1.5 available at E:/xilinx/Vivado/2024.1/data/xhub/boards/XilinxBoardStore/boards/Xilinx/kcu116/1.5/board.xml as part xcku5p-ffvb676-2-e specified in board_part file is either invalid or not available
WARNING: [Board 49-26] cannot add Board Part xilinx.com:kcu1500:part0:1.2 available at E:/xilinx/Vivado/2024.1/data/xhub/boards/XilinxBoardStore/boards/Xilinx/kcu1500/1.2/board.xml as part xcku115-flvb2104-2-e specified in board_part file is either invalid or not available
WARNING: [Board 49-26] cannot add Board Part xilinx.com:vck190:part0:2.2 available at E:/xilinx/Vivado/2024.1/data/xhub/boards/XilinxBoardStore/boards/Xilinx/vck190/production/2.2/board.xml as part xcvc1902-vsva2197-2mp-e-s specified in board_part file is either invalid or not available
WARNING: [Board 49-26] cannot add Board Part xilinx.com:vck190:part0:3.0 available at E:/xilinx/Vivado/2024.1/data/xhub/boards/XilinxBoardStore/boards/Xilinx/vck190/production/3.0/board.xml as part xcvc1902-vsva2197-2mp-e-s specified in board_part file is either invalid or not available
WARNING: [Board 49-26] cannot add Board Part xilinx.com:vck190:part0:3.1 available at E:/xilinx/Vivado/2024.1/data/xhub/boards/XilinxBoardStore/boards/Xilinx/vck190/production/3.1/board.xml as part xcvc1902-vsva2197-2mp-e-s specified in board_part file is either invalid or not available
WARNING: [Board 49-26] cannot add Board Part xilinx.com:vck190:part0:3.2 available at E:/xilinx/Vivado/2024.1/data/xhub/boards/XilinxBoardStore/boards/Xilinx/vck190/production/3.2/board.xml as part xcvc1902-vsva2197-2mp-e-s specified in board_part file is either invalid or not available
WARNING: [Board 49-26] cannot add Board Part xilinx.com:vck190:part0:3.3 available at E:/xilinx/Vivado/2024.1/data/xhub/boards/XilinxBoardStore/boards/Xilinx/vck190/production/3.3/board.xml as part xcvc1902-vsva2197-2mp-e-s specified in board_part file is either invalid or not available
WARNING: [Board 49-26] cannot add Board Part xilinx.com:vck190_newl:part0:1.0 available at E:/xilinx/Vivado/2024.1/data/xhub/boards/XilinxBoardStore/boards/Xilinx/vck190_newl/production/1.0/board.xml as part xcvc1902-vsva2197-2mp-e-s specified in board_part file is either invalid or not available
WARNING: [Board 49-26] cannot add Board Part xilinx.com:vck190_newl:part0:1.1 available at E:/xilinx/Vivado/2024.1/data/xhub/boards/XilinxBoardStore/boards/Xilinx/vck190_newl/production/1.1/board.xml as part xcvc1902-vsva2197-2mp-e-s specified in board_part file is either invalid or not available
WARNING: [Board 49-26] cannot add Board Part xilinx.com:vck190_newl:part0:1.2 available at E:/xilinx/Vivado/2024.1/data/xhub/boards/XilinxBoardStore/boards/Xilinx/vck190_newl/production/1.2/board.xml as part xcvc1902-vsva2197-2mp-e-s specified in board_part file is either invalid or not available
WARNING: [Board 49-26] cannot add Board Part xilinx.com:vcu108:part0:1.6 available at E:/xilinx/Vivado/2024.1/data/xhub/boards/XilinxBoardStore/boards/Xilinx/vcu108/1.6/board.xml as part xcvu095-ffva2104-2-e specified in board_part file is either invalid or not available
WARNING: [Board 49-26] cannot add Board Part xilinx.com:vcu108:part0:1.7 available at E:/xilinx/Vivado/2024.1/data/xhub/boards/XilinxBoardStore/boards/Xilinx/vcu108/1.7/board.xml as part xcvu095-ffva2104-2-e specified in board_part file is either invalid or not available
WARNING: [Board 49-26] cannot add Board Part xilinx.com:vcu110:part0:1.4 available at E:/xilinx/Vivado/2024.1/data/xhub/boards/XilinxBoardStore/boards/Xilinx/vcu110/1.4/board.xml as part xcvu190-flgc2104-2-e specified in board_part file is either invalid or not available
WARNING: [Board 49-26] cannot add Board Part xilinx.com:vcu118:part0:2.0 available at E:/xilinx/Vivado/2024.1/data/xhub/boards/XilinxBoardStore/boards/Xilinx/vcu118/2.0/board.xml as part xcvu9p-flga2104-2l-e specified in board_part file is either invalid or not available
WARNING: [Board 49-26] cannot add Board Part xilinx.com:vcu118:part0:2.3 available at E:/xilinx/Vivado/2024.1/data/xhub/boards/XilinxBoardStore/boards/Xilinx/vcu118/2.3/board.xml as part xcvu9p-flga2104-2l-e specified in board_part file is either invalid or not available
WARNING: [Board 49-26] cannot add Board Part xilinx.com:vcu118:part0:2.4 available at E:/xilinx/Vivado/2024.1/data/xhub/boards/XilinxBoardStore/boards/Xilinx/vcu118/2.4/board.xml as part xcvu9p-flga2104-2l-e specified in board_part file is either invalid or not available
WARNING: [Board 49-26] cannot add Board Part xilinx.com:vcu128:part0:1.0 available at E:/xilinx/Vivado/2024.1/data/xhub/boards/XilinxBoardStore/boards/Xilinx/vcu128/production/1.0/board.xml as part xcvu37p-fsvh2892-2l-e specified in board_part file is either invalid or not available
WARNING: [Board 49-26] cannot add Board Part xilinx.com:vcu129:part0:1.0 available at E:/xilinx/Vivado/2024.1/data/xhub/boards/XilinxBoardStore/boards/Xilinx/vcu129/production/1.0/board.xml as part xcvu29p-fsga2577-2l-e specified in board_part file is either invalid or not available
WARNING: [Board 49-26] cannot add Board Part xilinx.com:vcu1525:part0:1.3 available at E:/xilinx/Vivado/2024.1/data/xhub/boards/XilinxBoardStore/boards/Xilinx/vcu1525/1.3/board.xml as part xcvu9p-fsgd2104-2l-e specified in board_part file is either invalid or not available
WARNING: [Board 49-26] cannot add Board Part xilinx.com:vek280:part0:1.0 available at E:/xilinx/Vivado/2024.1/data/xhub/boards/XilinxBoardStore/boards/Xilinx/vek280/production/1.0/board.xml as part xcve2802-vsvh1760-2mp-e-s specified in board_part file is either invalid or not available
WARNING: [Board 49-26] cannot add Board Part xilinx.com:vek280:part0:1.1 available at E:/xilinx/Vivado/2024.1/data/xhub/boards/XilinxBoardStore/boards/Xilinx/vek280/production/1.1/board.xml as part xcve2802-vsvh1760-2mp-e-s specified in board_part file is either invalid or not available
WARNING: [Board 49-26] cannot add Board Part xilinx.com:vek280:part0:1.2 available at E:/xilinx/Vivado/2024.1/data/xhub/boards/XilinxBoardStore/boards/Xilinx/vek280/production/1.2/board.xml as part xcve2802-vsvh1760-2mp-e-s specified in board_part file is either invalid or not available
WARNING: [Board 49-26] cannot add Board Part xilinx.com:vek280_es:part0:1.0 available at E:/xilinx/Vivado/2024.1/data/xhub/boards/XilinxBoardStore/boards/Xilinx/vek280/es/rev_a/1.0/board.xml as part xcve2802-vsvh1760-2lp-e-s-es1 specified in board_part file is either invalid or not available
WARNING: [Board 49-26] cannot add Board Part xilinx.com:vek280_es:part0:1.1 available at E:/xilinx/Vivado/2024.1/data/xhub/boards/XilinxBoardStore/boards/Xilinx/vek280/es/rev_a/1.1/board.xml as part xcve2802-vsvh1760-2lp-e-s-es1 specified in board_part file is either invalid or not available
WARNING: [Board 49-26] cannot add Board Part xilinx.com:vek280_es_revb:part0:1.0 available at E:/xilinx/Vivado/2024.1/data/xhub/boards/XilinxBoardStore/boards/Xilinx/vek280/es/rev_b/1.0/board.xml as part xcve2802-vsvh1760-2mp-e-s-es1 specified in board_part file is either invalid or not available
WARNING: [Board 49-26] cannot add Board Part xilinx.com:vek280_es_revb:part0:1.1 available at E:/xilinx/Vivado/2024.1/data/xhub/boards/XilinxBoardStore/boards/Xilinx/vek280/es/rev_b/1.1/board.xml as part xcve2802-vsvh1760-2mp-e-s-es1 specified in board_part file is either invalid or not available
WARNING: [Board 49-26] cannot add Board Part xilinx.com:vermeo_t1_mpsoc:part0:1.0 available at E:/xilinx/Vivado/2024.1/data/xhub/boards/XilinxBoardStore/boards/Xilinx/vermeo_t1_mpsoc/1.0/board.xml as part xczu19eg-ffvd1760-2l-e specified in board_part file is either invalid or not available
WARNING: [Board 49-26] cannot add Board Part xilinx.com:vermeo_t1_rfsoc:part0:1.0 available at E:/xilinx/Vivado/2024.1/data/xhub/boards/XilinxBoardStore/boards/Xilinx/vermeo_t1_rfsoc/1.0/board.xml as part xczu21dr-ffvd1156-2l-e specified in board_part file is either invalid or not available
WARNING: [Board 49-26] cannot add Board Part xilinx.com:vhk158:part0:1.0 available at E:/xilinx/Vivado/2024.1/data/xhub/boards/XilinxBoardStore/boards/Xilinx/vhk158/production/1.0/board.xml as part xcvh1582-vsva3697-2mp-e-s specified in board_part file is either invalid or not available
WARNING: [Board 49-26] cannot add Board Part xilinx.com:vhk158:part0:1.1 available at E:/xilinx/Vivado/2024.1/data/xhub/boards/XilinxBoardStore/boards/Xilinx/vhk158/production/1.1/board.xml as part xcvh1582-vsva3697-2mp-e-s specified in board_part file is either invalid or not available
WARNING: [Board 49-26] cannot add Board Part xilinx.com:vhk158_es:part0:1.0 available at E:/xilinx/Vivado/2024.1/data/xhub/boards/XilinxBoardStore/boards/Xilinx/vhk158/es/1.0/board.xml as part xcvh1582-vsva3697-2mp-e-s-es1 specified in board_part file is either invalid or not available
WARNING: [Board 49-26] cannot add Board Part xilinx.com:vhk158_es:part0:1.1 available at E:/xilinx/Vivado/2024.1/data/xhub/boards/XilinxBoardStore/boards/Xilinx/vhk158/es/1.1/board.xml as part xcvh1582-vsva3697-2mp-e-s-es1 specified in board_part file is either invalid or not available
WARNING: [Board 49-26] cannot add Board Part xilinx.com:vmk180:part0:2.2 available at E:/xilinx/Vivado/2024.1/data/xhub/boards/XilinxBoardStore/boards/Xilinx/vmk180/production/2.2/board.xml as part xcvm1802-vsva2197-2mp-e-s specified in board_part file is either invalid or not available
WARNING: [Board 49-26] cannot add Board Part xilinx.com:vmk180:part0:3.0 available at E:/xilinx/Vivado/2024.1/data/xhub/boards/XilinxBoardStore/boards/Xilinx/vmk180/production/3.0/board.xml as part xcvm1802-vsva2197-2mp-e-s specified in board_part file is either invalid or not available
WARNING: [Board 49-26] cannot add Board Part xilinx.com:vmk180:part0:3.1 available at E:/xilinx/Vivado/2024.1/data/xhub/boards/XilinxBoardStore/boards/Xilinx/vmk180/production/3.1/board.xml as part xcvm1802-vsva2197-2mp-e-s specified in board_part file is either invalid or not available
WARNING: [Board 49-26] cannot add Board Part xilinx.com:vmk180:part0:3.2 available at E:/xilinx/Vivado/2024.1/data/xhub/boards/XilinxBoardStore/boards/Xilinx/vmk180/production/3.2/board.xml as part xcvm1802-vsva2197-2mp-e-s specified in board_part file is either invalid or not available
WARNING: [Board 49-26] cannot add Board Part xilinx.com:vmk180_newl:part0:1.0 available at E:/xilinx/Vivado/2024.1/data/xhub/boards/XilinxBoardStore/boards/Xilinx/vmk180_newl/production/1.0/board.xml as part xcvm1802-vsva2197-2mp-e-s specified in board_part file is either invalid or not available
WARNING: [Board 49-26] cannot add Board Part xilinx.com:vmk180_newl:part0:1.1 available at E:/xilinx/Vivado/2024.1/data/xhub/boards/XilinxBoardStore/boards/Xilinx/vmk180_newl/production/1.1/board.xml as part xcvm1802-vsva2197-2mp-e-s specified in board_part file is either invalid or not available
WARNING: [Board 49-26] cannot add Board Part xilinx.com:vpk120:part0:1.0 available at E:/xilinx/Vivado/2024.1/data/xhub/boards/XilinxBoardStore/boards/Xilinx/vpk120/production/1.0/board.xml as part xcvp1202-vsva2785-2mp-e-s specified in board_part file is either invalid or not available
WARNING: [Board 49-26] cannot add Board Part xilinx.com:vpk120:part0:1.1 available at E:/xilinx/Vivado/2024.1/data/xhub/boards/XilinxBoardStore/boards/Xilinx/vpk120/production/1.1/board.xml as part xcvp1202-vsva2785-2mp-e-s specified in board_part file is either invalid or not available
WARNING: [Board 49-26] cannot add Board Part xilinx.com:vpk120:part0:1.2 available at E:/xilinx/Vivado/2024.1/data/xhub/boards/XilinxBoardStore/boards/Xilinx/vpk120/production/1.2/board.xml as part xcvp1202-vsva2785-2mp-e-s specified in board_part file is either invalid or not available
WARNING: [Board 49-26] cannot add Board Part xilinx.com:vpk180:part0:1.0 available at E:/xilinx/Vivado/2024.1/data/xhub/boards/XilinxBoardStore/boards/Xilinx/vpk180/production/1.0/board.xml as part xcvp1802-lsvc4072-2mp-e-s specified in board_part file is either invalid or not available
WARNING: [Board 49-26] cannot add Board Part xilinx.com:vpk180:part0:1.1 available at E:/xilinx/Vivado/2024.1/data/xhub/boards/XilinxBoardStore/boards/Xilinx/vpk180/production/1.1/board.xml as part xcvp1802-lsvc4072-2mp-e-s specified in board_part file is either invalid or not available
WARNING: [Board 49-26] cannot add Board Part xilinx.com:vpk180:part0:1.2 available at E:/xilinx/Vivado/2024.1/data/xhub/boards/XilinxBoardStore/boards/Xilinx/vpk180/production/1.2/board.xml as part xcvp1802-lsvc4072-2mp-e-s specified in board_part file is either invalid or not available
WARNING: [Board 49-26] cannot add Board Part xilinx.com:zcu102:part0:3.3 available at E:/xilinx/Vivado/2024.1/data/xhub/boards/XilinxBoardStore/boards/Xilinx/zcu102/3.3/board.xml as part xczu9eg-ffvb1156-2-e specified in board_part file is either invalid or not available
WARNING: [Board 49-26] cannot add Board Part xilinx.com:zcu102:part0:3.4 available at E:/xilinx/Vivado/2024.1/data/xhub/boards/XilinxBoardStore/boards/Xilinx/zcu102/3.4/board.xml as part xczu9eg-ffvb1156-2-e specified in board_part file is either invalid or not available
WARNING: [Board 49-26] cannot add Board Part xilinx.com:zcu104:part0:1.1 available at E:/xilinx/Vivado/2024.1/data/xhub/boards/XilinxBoardStore/boards/Xilinx/zcu104/1.1/board.xml as part xczu7ev-ffvc1156-2-e specified in board_part file is either invalid or not available
WARNING: [Board 49-26] cannot add Board Part xilinx.com:zcu106:part0:2.4 available at E:/xilinx/Vivado/2024.1/data/xhub/boards/XilinxBoardStore/boards/Xilinx/zcu106/2.4/board.xml as part xczu7ev-ffvc1156-2-e specified in board_part file is either invalid or not available
WARNING: [Board 49-26] cannot add Board Part xilinx.com:zcu106:part0:2.5 available at E:/xilinx/Vivado/2024.1/data/xhub/boards/XilinxBoardStore/boards/Xilinx/zcu106/2.5/board.xml as part xczu7ev-ffvc1156-2-e specified in board_part file is either invalid or not available
WARNING: [Board 49-26] cannot add Board Part xilinx.com:zcu106:part0:2.6 available at E:/xilinx/Vivado/2024.1/data/xhub/boards/XilinxBoardStore/boards/Xilinx/zcu106/2.6/board.xml as part xczu7ev-ffvc1156-2-e specified in board_part file is either invalid or not available
WARNING: [Board 49-26] cannot add Board Part xilinx.com:zcu111:part0:1.2 available at E:/xilinx/Vivado/2024.1/data/xhub/boards/XilinxBoardStore/boards/Xilinx/zcu111/1.2/board.xml as part xczu28dr-ffvg1517-2-e specified in board_part file is either invalid or not available
WARNING: [Board 49-26] cannot add Board Part xilinx.com:zcu111:part0:1.3 available at E:/xilinx/Vivado/2024.1/data/xhub/boards/XilinxBoardStore/boards/Xilinx/zcu111/1.3/board.xml as part xczu28dr-ffvg1517-2-e specified in board_part file is either invalid or not available
WARNING: [Board 49-26] cannot add Board Part xilinx.com:zcu111:part0:1.4 available at E:/xilinx/Vivado/2024.1/data/xhub/boards/XilinxBoardStore/boards/Xilinx/zcu111/1.4/board.xml as part xczu28dr-ffvg1517-2-e specified in board_part file is either invalid or not available
WARNING: [Board 49-26] cannot add Board Part xilinx.com:zcu1275:part0:1.0 available at E:/xilinx/Vivado/2024.1/data/xhub/boards/XilinxBoardStore/boards/Xilinx/zcu1275/1.0/board.xml as part xczu29dr-ffvf1760-2-e specified in board_part file is either invalid or not available
WARNING: [Board 49-26] cannot add Board Part xilinx.com:zcu1285:part0:1.0 available at E:/xilinx/Vivado/2024.1/data/xhub/boards/XilinxBoardStore/boards/Xilinx/zcu1285/1.0/board.xml as part xczu39dr-ffvf1760-2-i specified in board_part file is either invalid or not available
WARNING: [Board 49-26] cannot add Board Part xilinx.com:zcu208:part0:2.0 available at E:/xilinx/Vivado/2024.1/data/xhub/boards/XilinxBoardStore/boards/Xilinx/zcu208/production/2.0/board.xml as part xczu48dr-fsvg1517-2-e specified in board_part file is either invalid or not available
WARNING: [Board 49-26] cannot add Board Part xilinx.com:zcu208ld:part0:2.0 available at E:/xilinx/Vivado/2024.1/data/xhub/boards/XilinxBoardStore/boards/Xilinx/zcu208ld/production/2.0/board.xml as part xczu58dr-fsvg1517-2-i specified in board_part file is either invalid or not available
WARNING: [Board 49-26] cannot add Board Part xilinx.com:zcu216:part0:2.0 available at E:/xilinx/Vivado/2024.1/data/xhub/boards/XilinxBoardStore/boards/Xilinx/zcu216/production/2.0/board.xml as part xczu49dr-ffvf1760-2-e specified in board_part file is either invalid or not available
WARNING: [Board 49-26] cannot add Board Part xilinx.com:zcu216ld:part0:2.0 available at E:/xilinx/Vivado/2024.1/data/xhub/boards/XilinxBoardStore/boards/Xilinx/zcu216ld/production/2.0/board.xml as part xczu59dr-ffvf1760-2-i specified in board_part file is either invalid or not available
WARNING: [Board 49-26] cannot add Board Part xilinx.com:zcu670:part0:2.0 available at E:/xilinx/Vivado/2024.1/data/xhub/boards/XilinxBoardStore/boards/Xilinx/zcu670/2.0/board.xml as part xczu67dr-fsve1156-2-i specified in board_part file is either invalid or not available
WARNING: [Board 49-26] cannot add Board Part xilinx.com:zcu670ld:part0:1.0 available at E:/xilinx/Vivado/2024.1/data/xhub/boards/XilinxBoardStore/boards/Xilinx/zcu670ld/1.0/board.xml as part xczu57dr-fsve1156-2-i specified in board_part file is either invalid or not available
WARNING: [filemgmt 56-3] IPUserFilesDir: Could not find the directory 'C:/Users/Arf/Desktop/IP-Camera/ip_camera/ip_camera.ip_user_files'.
Scanning sources...
Finished scanning sources
INFO: [IP_Flow 19-234] Refreshing IP repositories
INFO: [IP_Flow 19-1704] No user IP repositories specified
INFO: [IP_Flow 19-2313] Loaded Vivado IP repository 'E:/xilinx/Vivado/2024.1/data/ip'.
open_project: Time (s): cpu = 00:01:04 ; elapsed = 00:00:47 . Memory (MB): peak = 1562.906 ; gain = 494.367
update_compile_order -fileset sources_1
open_bd_design {C:/Users/Arf/Desktop/IP-Camera/ip_camera/ip_camera.srcs/sources_1/bd/design_1/design_1.bd}
Reading block design file <C:/Users/Arf/Desktop/IP-Camera/ip_camera/ip_camera.srcs/sources_1/bd/design_1/design_1.bd>...
Adding component instance block -- xilinx.com:ip:processing_system7:5.5 - processing_system7_0
Adding component instance block -- xilinx.com:ip:proc_sys_reset:5.0 - proc_sys_reset_0
Adding component instance block -- xilinx.com:ip:smartconnect:1.0 - smartconnect_0
Adding component instance block -- xilinx.com:ip:smartconnect:1.0 - smartconnect_1
Adding component instance block -- xilinx.com:ip:xlconcat:2.1 - xlconcat_0
Adding component instance block -- xilinx.com:ip:axi_vdma:6.3 - axi_vdma_0
Adding component instance block -- xilinx.com:ip:axis_data_fifo:2.0 - axis_data_fifo_0
Adding component instance block -- xilinx.com:module_ref:ov7670_axi_stream_capture:1.0 - ov7670_axi_stream_ca_0
Adding component instance block -- xilinx.com:module_ref:ov7670_controller:1.0 - ov7670_controller_0
Adding component instance block -- xilinx.com:ip:xlconstant:1.1 - xlconstant_0
Adding component instance block -- xilinx.com:ip:proc_sys_reset:5.0 - proc_sys_reset_cam
Successfully read diagram <design_1> from block design file <C:/Users/Arf/Desktop/IP-Camera/ip_camera/ip_camera.srcs/sources_1/bd/design_1/design_1.bd>
open_bd_design: Time (s): cpu = 00:00:10 ; elapsed = 00:00:12 . Memory (MB): peak = 1612.828 ; gain = 33.883
WARNING: [IP_Flow 19-474] Invalid Parameter 'Component_Name'
CRITICAL WARNING: [PS7-6]  LVCMOS33 (3.3V) is not supported for RGMII interface in Ethernet0. Recommendation is to use 1.8/2.5V IO.
startgroup
set_property CONFIG.PCW_ENET0_ENET0_IO {MIO 16 .. 27} [get_bd_cells processing_system7_0]
CRITICAL WARNING: [PS7-6]  LVCMOS33 (3.3V) is not supported for RGMII interface in Ethernet0. Recommendation is to use 1.8/2.5V IO.
endgroup
WARNING: [IP_Flow 19-474] Invalid Parameter 'Component_Name'
startgroup
set_property CONFIG.PCW_PRESET_BANK1_VOLTAGE {LVCMOS 2.5V} [get_bd_cells processing_system7_0]
endgroup
WARNING: [IP_Flow 19-474] Invalid Parameter 'Component_Name'
startgroup
endgroup
validate_bd_design
WARNING: [BD 41-2670] Found an incomplete address path from address space '/processing_system7_0/Data' to master interface '/smartconnect_0/M01_AXI'. Please either complete or remove this path to resolve.
INFO: [BD 5-943] Reserving offset range <0x4300_0000 [ 64K ]> from slave interface '/smartconnect_0/S00_AXI' to master interface '/smartconnect_0/M00_AXI'. This will be used by smartconnect on path for routing.
INFO: [xilinx.com:ip:smartconnect:1.0-1] design_1_smartconnect_0_0: SmartConnect design_1_smartconnect_0_0 is in Low-Area Mode.
WARNING: [xilinx.com:ip:smartconnect:1.0-1] design_1_smartconnect_0_0: IP design_1_smartconnect_0_0 is configured in Low-area mode as all propagated traffic is low-bandwidth (AXI4LITE). SI S00_AXI has property HAS_BURST == 1. WRAP bursts are not supported in Low-area mode and will result in DECERR if received.
WARNING: [xilinx.com:ip:smartconnect:1.0-1] design_1_smartconnect_0_0: If WRAP transactions are required then turn off Low-area mode using ADVANCED_PROPERTIES. Execute following: set_property CONFIG.ADVANCED_PROPERTIES {__experimental_features__ {disable_low_area_mode 1}} [get_bd_cells /design_1_smartconnect_0_0]
xit::source_ipfile: Time (s): cpu = 00:00:03 ; elapsed = 00:00:06 . Memory (MB): peak = 1777.895 ; gain = 17.031
INFO: [BD 5-943] Reserving offset range <0x0000_0000 [ 1G ]> from slave interface '/smartconnect_1/S00_AXI' to master interface '/smartconnect_1/M00_AXI'. This will be used by smartconnect on path for routing.
INFO: [xilinx.com:ip:smartconnect:1.0-1] design_1_smartconnect_1_0: SmartConnect design_1_smartconnect_1_0 is in High-performance Mode.
validate_bd_design: Time (s): cpu = 00:00:19 ; elapsed = 00:00:30 . Memory (MB): peak = 1797.012 ; gain = 48.473
WARNING: [IP_Flow 19-474] Invalid Parameter 'Component_Name'
startgroup
endgroup
make_wrapper -files [get_files C:/Users/Arf/Desktop/IP-Camera/ip_camera/ip_camera.srcs/sources_1/bd/design_1/design_1.bd] -top
INFO: [BD 41-1662] The design 'design_1.bd' is already validated. Therefore parameter propagation will not be re-run.
Wrote  : <C:\Users\Arf\Desktop\IP-Camera\ip_camera\ip_camera.srcs\sources_1\bd\design_1\design_1.bd> 
Wrote  : <C:/Users/Arf/Desktop/IP-Camera/ip_camera/ip_camera.srcs/sources_1/bd/design_1/ui/bd_1f5defd0.ui> 
VHDL Output written to : c:/Users/Arf/Desktop/IP-Camera/ip_camera/ip_camera.gen/sources_1/bd/design_1/synth/design_1.vhd
VHDL Output written to : c:/Users/Arf/Desktop/IP-Camera/ip_camera/ip_camera.gen/sources_1/bd/design_1/sim/design_1.vhd
VHDL Output written to : c:/Users/Arf/Desktop/IP-Camera/ip_camera/ip_camera.gen/sources_1/bd/design_1/hdl/design_1_wrapper.vhd
make_wrapper: Time (s): cpu = 00:00:09 ; elapsed = 00:00:50 . Memory (MB): peak = 2037.820 ; gain = 228.688
reset_run design_1_processing_system7_0_0_synth_1
reset_run design_1_proc_sys_reset_0_0_synth_1
reset_run design_1_axi_vdma_0_0_synth_1
reset_run design_1_axis_data_fifo_0_0_synth_1
reset_run synth_1
INFO: [Project 1-1161] Replacing file C:/Users/Arf/Desktop/IP-Camera/ip_camera/ip_camera.srcs/utils_1/imports/synth_1/ov7670_controller.dcp with file C:/Users/Arf/Desktop/IP-Camera/ip_camera/ip_camera.runs/synth_1/design_1_wrapper.dcp
launch_runs synth_1 -jobs 2
INFO: [BD 41-1662] The design 'design_1.bd' is already validated. Therefore parameter propagation will not be re-run.
VHDL Output written to : c:/Users/Arf/Desktop/IP-Camera/ip_camera/ip_camera.gen/sources_1/bd/design_1/synth/design_1.vhd
VHDL Output written to : c:/Users/Arf/Desktop/IP-Camera/ip_camera/ip_camera.gen/sources_1/bd/design_1/sim/design_1.vhd
VHDL Output written to : c:/Users/Arf/Desktop/IP-Camera/ip_camera/ip_camera.gen/sources_1/bd/design_1/hdl/design_1_wrapper.vhd
INFO: [IP_Flow 19-5611] Unable to find an associated reset port for the interface 'M_AXI_GP0'. A default connection has been created.
INFO: [IP_Flow 19-5611] Unable to find an associated reset port for the interface 'S_AXI_HP0'. A default connection has been created.
INFO: [BD 41-1029] Generation completed for the IP Integrator block processing_system7_0 .
INFO: [BD 41-1029] Generation completed for the IP Integrator block proc_sys_reset_0 .
Exporting to file c:/Users/Arf/Desktop/IP-Camera/ip_camera/ip_camera.gen/sources_1/bd/design_1/ip/design_1_smartconnect_0_0/bd_0/hw_handoff/design_1_smartconnect_0_0.hwh
Generated Hardware Definition File c:/Users/Arf/Desktop/IP-Camera/ip_camera/ip_camera.gen/sources_1/bd/design_1/ip/design_1_smartconnect_0_0/bd_0/synth/design_1_smartconnect_0_0.hwdef
INFO: [BD 41-1029] Generation completed for the IP Integrator block smartconnect_0 .
Exporting to file c:/Users/Arf/Desktop/IP-Camera/ip_camera/ip_camera.gen/sources_1/bd/design_1/ip/design_1_smartconnect_1_0/bd_0/hw_handoff/design_1_smartconnect_1_0.hwh
Generated Hardware Definition File c:/Users/Arf/Desktop/IP-Camera/ip_camera/ip_camera.gen/sources_1/bd/design_1/ip/design_1_smartconnect_1_0/bd_0/synth/design_1_smartconnect_1_0.hwdef
INFO: [BD 41-1029] Generation completed for the IP Integrator block smartconnect_1 .
WARNING: [IP_Flow 19-4994] Overwriting existing constraint file 'c:/Users/Arf/Desktop/IP-Camera/ip_camera/ip_camera.gen/sources_1/bd/design_1/ip/design_1_axi_vdma_0_0/design_1_axi_vdma_0_0_ooc.xdc'
INFO: [BD 41-1029] Generation completed for the IP Integrator block axi_vdma_0 .
INFO: [BD 41-1029] Generation completed for the IP Integrator block axis_data_fifo_0 .
Exporting to file c:/Users/Arf/Desktop/IP-Camera/ip_camera/ip_camera.gen/sources_1/bd/design_1/hw_handoff/design_1.hwh
Generated Hardware Definition File c:/Users/Arf/Desktop/IP-Camera/ip_camera/ip_camera.gen/sources_1/bd/design_1/synth/design_1.hwdef
INFO: [IP_Flow 19-6930] IPCACHE: runCacheChecks() number of threads = 8
INFO: [IP_Flow 19-6921] IPCACHE: Adding cache check func to thread queue for IP design_1_axi_vdma_0_0
INFO: [IP_Flow 19-6921] IPCACHE: Adding cache check func to thread queue for IP design_1_axis_data_fifo_0_0
INFO: [IP_Flow 19-6921] IPCACHE: Adding cache check func to thread queue for IP design_1_proc_sys_reset_0_0
INFO: [IP_Flow 19-6921] IPCACHE: Adding cache check func to thread queue for IP design_1_smartconnect_0_0
INFO: [IP_Flow 19-6921] IPCACHE: Adding cache check func to thread queue for IP design_1_smartconnect_1_0
INFO: [IP_Flow 19-8020] IPCACHE: runCacheChecks() calling threadPool finishWork()
INFO: [IP_Flow 19-6924] IPCACHE: Running cache check for IP inst: design_1_axi_vdma_0_0
INFO: [IP_Flow 19-6922] IPCACHE: Exporting cached entry 15b6fdb6b0a4ae4d to dir: c:/Users/Arf/Desktop/IP-Camera/ip_camera/ip_camera.gen/sources_1/bd/design_1/ip/design_1_axi_vdma_0_0
INFO: [IP_Flow 19-6928] IPCACHE: copied cached file c:/Users/Arf/Desktop/IP-Camera/ip_camera/ip_camera.cache/ip/2024.1/1/5/15b6fdb6b0a4ae4d/design_1_axi_vdma_0_0.dcp to c:/Users/Arf/Desktop/IP-Camera/ip_camera/ip_camera.gen/sources_1/bd/design_1/ip/design_1_axi_vdma_0_0/design_1_axi_vdma_0_0.dcp.
INFO: [IP_Flow 19-6926] IPCACHE: added file to list for BOM: c:/Users/Arf/Desktop/IP-Camera/ip_camera/ip_camera.gen/sources_1/bd/design_1/ip/design_1_axi_vdma_0_0/design_1_axi_vdma_0_0.dcp
INFO: [IP_Flow 19-6928] IPCACHE: copied cached file c:/Users/Arf/Desktop/IP-Camera/ip_camera/ip_camera.cache/ip/2024.1/1/5/15b6fdb6b0a4ae4d/design_1_axi_vdma_0_0_sim_netlist.v to c:/Users/Arf/Desktop/IP-Camera/ip_camera/ip_camera.gen/sources_1/bd/design_1/ip/design_1_axi_vdma_0_0/design_1_axi_vdma_0_0_sim_netlist.v.
INFO: [IP_Flow 19-6926] IPCACHE: added file to list for BOM: c:/Users/Arf/Desktop/IP-Camera/ip_camera/ip_camera.gen/sources_1/bd/design_1/ip/design_1_axi_vdma_0_0/design_1_axi_vdma_0_0_sim_netlist.v
INFO: [IP_Flow 19-6928] IPCACHE: copied cached file c:/Users/Arf/Desktop/IP-Camera/ip_camera/ip_camera.cache/ip/2024.1/1/5/15b6fdb6b0a4ae4d/design_1_axi_vdma_0_0_sim_netlist.vhdl to c:/Users/Arf/Desktop/IP-Camera/ip_camera/ip_camera.gen/sources_1/bd/design_1/ip/design_1_axi_vdma_0_0/design_1_axi_vdma_0_0_sim_netlist.vhdl.
INFO: [IP_Flow 19-6926] IPCACHE: added file to list for BOM: c:/Users/Arf/Desktop/IP-Camera/ip_camera/ip_camera.gen/sources_1/bd/design_1/ip/design_1_axi_vdma_0_0/design_1_axi_vdma_0_0_sim_netlist.vhdl
INFO: [IP_Flow 19-6928] IPCACHE: copied cached file c:/Users/Arf/Desktop/IP-Camera/ip_camera/ip_camera.cache/ip/2024.1/1/5/15b6fdb6b0a4ae4d/design_1_axi_vdma_0_0_stub.v to c:/Users/Arf/Desktop/IP-Camera/ip_camera/ip_camera.gen/sources_1/bd/design_1/ip/design_1_axi_vdma_0_0/design_1_axi_vdma_0_0_stub.v.
INFO: [IP_Flow 19-6926] IPCACHE: added file to list for BOM: c:/Users/Arf/Desktop/IP-Camera/ip_camera/ip_camera.gen/sources_1/bd/design_1/ip/design_1_axi_vdma_0_0/design_1_axi_vdma_0_0_stub.v
INFO: [IP_Flow 19-6928] IPCACHE: copied cached file c:/Users/Arf/Desktop/IP-Camera/ip_camera/ip_camera.cache/ip/2024.1/1/5/15b6fdb6b0a4ae4d/design_1_axi_vdma_0_0_stub.vhdl to c:/Users/Arf/Desktop/IP-Camera/ip_camera/ip_camera.gen/sources_1/bd/design_1/ip/design_1_axi_vdma_0_0/design_1_axi_vdma_0_0_stub.vhdl.
INFO: [IP_Flow 19-6926] IPCACHE: added file to list for BOM: c:/Users/Arf/Desktop/IP-Camera/ip_camera/ip_camera.gen/sources_1/bd/design_1/ip/design_1_axi_vdma_0_0/design_1_axi_vdma_0_0_stub.vhdl
INFO: [IP_Flow 19-4993] Using cached IP synthesis design for IP design_1_axi_vdma_0_0, cache-ID = 15b6fdb6b0a4ae4d; cache size = 32.582 MB.
INFO: [IP_Flow 19-6924] IPCACHE: Running cache check for IP inst: design_1_axis_data_fifo_0_0
INFO: [IP_Flow 19-6922] IPCACHE: Exporting cached entry 8df1b42f88ae7c03 to dir: c:/Users/Arf/Desktop/IP-Camera/ip_camera/ip_camera.gen/sources_1/bd/design_1/ip/design_1_axis_data_fifo_0_0
INFO: [IP_Flow 19-6928] IPCACHE: copied cached file c:/Users/Arf/Desktop/IP-Camera/ip_camera/ip_camera.cache/ip/2024.1/8/d/8df1b42f88ae7c03/design_1_axis_data_fifo_0_0.dcp to c:/Users/Arf/Desktop/IP-Camera/ip_camera/ip_camera.gen/sources_1/bd/design_1/ip/design_1_axis_data_fifo_0_0/design_1_axis_data_fifo_0_0.dcp.
INFO: [IP_Flow 19-6926] IPCACHE: added file to list for BOM: c:/Users/Arf/Desktop/IP-Camera/ip_camera/ip_camera.gen/sources_1/bd/design_1/ip/design_1_axis_data_fifo_0_0/design_1_axis_data_fifo_0_0.dcp
INFO: [IP_Flow 19-6928] IPCACHE: copied cached file c:/Users/Arf/Desktop/IP-Camera/ip_camera/ip_camera.cache/ip/2024.1/8/d/8df1b42f88ae7c03/design_1_axis_data_fifo_0_0_sim_netlist.v to c:/Users/Arf/Desktop/IP-Camera/ip_camera/ip_camera.gen/sources_1/bd/design_1/ip/design_1_axis_data_fifo_0_0/design_1_axis_data_fifo_0_0_sim_netlist.v.
INFO: [IP_Flow 19-6926] IPCACHE: added file to list for BOM: c:/Users/Arf/Desktop/IP-Camera/ip_camera/ip_camera.gen/sources_1/bd/design_1/ip/design_1_axis_data_fifo_0_0/design_1_axis_data_fifo_0_0_sim_netlist.v
INFO: [IP_Flow 19-6928] IPCACHE: copied cached file c:/Users/Arf/Desktop/IP-Camera/ip_camera/ip_camera.cache/ip/2024.1/8/d/8df1b42f88ae7c03/design_1_axis_data_fifo_0_0_sim_netlist.vhdl to c:/Users/Arf/Desktop/IP-Camera/ip_camera/ip_camera.gen/sources_1/bd/design_1/ip/design_1_axis_data_fifo_0_0/design_1_axis_data_fifo_0_0_sim_netlist.vhdl.
INFO: [IP_Flow 19-6926] IPCACHE: added file to list for BOM: c:/Users/Arf/Desktop/IP-Camera/ip_camera/ip_camera.gen/sources_1/bd/design_1/ip/design_1_axis_data_fifo_0_0/design_1_axis_data_fifo_0_0_sim_netlist.vhdl
INFO: [IP_Flow 19-6928] IPCACHE: copied cached file c:/Users/Arf/Desktop/IP-Camera/ip_camera/ip_camera.cache/ip/2024.1/8/d/8df1b42f88ae7c03/design_1_axis_data_fifo_0_0_stub.v to c:/Users/Arf/Desktop/IP-Camera/ip_camera/ip_camera.gen/sources_1/bd/design_1/ip/design_1_axis_data_fifo_0_0/design_1_axis_data_fifo_0_0_stub.v.
INFO: [IP_Flow 19-6926] IPCACHE: added file to list for BOM: c:/Users/Arf/Desktop/IP-Camera/ip_camera/ip_camera.gen/sources_1/bd/design_1/ip/design_1_axis_data_fifo_0_0/design_1_axis_data_fifo_0_0_stub.v
INFO: [IP_Flow 19-6928] IPCACHE: copied cached file c:/Users/Arf/Desktop/IP-Camera/ip_camera/ip_camera.cache/ip/2024.1/8/d/8df1b42f88ae7c03/design_1_axis_data_fifo_0_0_stub.vhdl to c:/Users/Arf/Desktop/IP-Camera/ip_camera/ip_camera.gen/sources_1/bd/design_1/ip/design_1_axis_data_fifo_0_0/design_1_axis_data_fifo_0_0_stub.vhdl.
INFO: [IP_Flow 19-6926] IPCACHE: added file to list for BOM: c:/Users/Arf/Desktop/IP-Camera/ip_camera/ip_camera.gen/sources_1/bd/design_1/ip/design_1_axis_data_fifo_0_0/design_1_axis_data_fifo_0_0_stub.vhdl
INFO: [IP_Flow 19-4993] Using cached IP synthesis design for IP design_1_axis_data_fifo_0_0, cache-ID = 8df1b42f88ae7c03; cache size = 32.582 MB.
INFO: [IP_Flow 19-6924] IPCACHE: Running cache check for IP inst: design_1_proc_sys_reset_0_0
INFO: [IP_Flow 19-6922] IPCACHE: Exporting cached entry bdaa135713cc94e8 to dir: c:/Users/Arf/Desktop/IP-Camera/ip_camera/ip_camera.gen/sources_1/bd/design_1/ip/design_1_proc_sys_reset_0_0
INFO: [IP_Flow 19-6928] IPCACHE: copied cached file c:/Users/Arf/Desktop/IP-Camera/ip_camera/ip_camera.cache/ip/2024.1/b/d/bdaa135713cc94e8/design_1_proc_sys_reset_0_0.dcp to c:/Users/Arf/Desktop/IP-Camera/ip_camera/ip_camera.gen/sources_1/bd/design_1/ip/design_1_proc_sys_reset_0_0/design_1_proc_sys_reset_0_0.dcp.
INFO: [IP_Flow 19-6926] IPCACHE: added file to list for BOM: c:/Users/Arf/Desktop/IP-Camera/ip_camera/ip_camera.gen/sources_1/bd/design_1/ip/design_1_proc_sys_reset_0_0/design_1_proc_sys_reset_0_0.dcp
INFO: [IP_Flow 19-6928] IPCACHE: copied cached file c:/Users/Arf/Desktop/IP-Camera/ip_camera/ip_camera.cache/ip/2024.1/b/d/bdaa135713cc94e8/design_1_proc_sys_reset_0_0_sim_netlist.v to c:/Users/Arf/Desktop/IP-Camera/ip_camera/ip_camera.gen/sources_1/bd/design_1/ip/design_1_proc_sys_reset_0_0/design_1_proc_sys_reset_0_0_sim_netlist.v.
INFO: [IP_Flow 19-6926] IPCACHE: added file to list for BOM: c:/Users/Arf/Desktop/IP-Camera/ip_camera/ip_camera.gen/sources_1/bd/design_1/ip/design_1_proc_sys_reset_0_0/design_1_proc_sys_reset_0_0_sim_netlist.v
INFO: [IP_Flow 19-6928] IPCACHE: copied cached file c:/Users/Arf/Desktop/IP-Camera/ip_camera/ip_camera.cache/ip/2024.1/b/d/bdaa135713cc94e8/design_1_proc_sys_reset_0_0_sim_netlist.vhdl to c:/Users/Arf/Desktop/IP-Camera/ip_camera/ip_camera.gen/sources_1/bd/design_1/ip/design_1_proc_sys_reset_0_0/design_1_proc_sys_reset_0_0_sim_netlist.vhdl.
INFO: [IP_Flow 19-6926] IPCACHE: added file to list for BOM: c:/Users/Arf/Desktop/IP-Camera/ip_camera/ip_camera.gen/sources_1/bd/design_1/ip/design_1_proc_sys_reset_0_0/design_1_proc_sys_reset_0_0_sim_netlist.vhdl
INFO: [IP_Flow 19-6928] IPCACHE: copied cached file c:/Users/Arf/Desktop/IP-Camera/ip_camera/ip_camera.cache/ip/2024.1/b/d/bdaa135713cc94e8/design_1_proc_sys_reset_0_0_stub.v to c:/Users/Arf/Desktop/IP-Camera/ip_camera/ip_camera.gen/sources_1/bd/design_1/ip/design_1_proc_sys_reset_0_0/design_1_proc_sys_reset_0_0_stub.v.
INFO: [IP_Flow 19-6926] IPCACHE: added file to list for BOM: c:/Users/Arf/Desktop/IP-Camera/ip_camera/ip_camera.gen/sources_1/bd/design_1/ip/design_1_proc_sys_reset_0_0/design_1_proc_sys_reset_0_0_stub.v
INFO: [IP_Flow 19-6928] IPCACHE: copied cached file c:/Users/Arf/Desktop/IP-Camera/ip_camera/ip_camera.cache/ip/2024.1/b/d/bdaa135713cc94e8/design_1_proc_sys_reset_0_0_stub.vhdl to c:/Users/Arf/Desktop/IP-Camera/ip_camera/ip_camera.gen/sources_1/bd/design_1/ip/design_1_proc_sys_reset_0_0/design_1_proc_sys_reset_0_0_stub.vhdl.
INFO: [IP_Flow 19-6926] IPCACHE: added file to list for BOM: c:/Users/Arf/Desktop/IP-Camera/ip_camera/ip_camera.gen/sources_1/bd/design_1/ip/design_1_proc_sys_reset_0_0/design_1_proc_sys_reset_0_0_stub.vhdl
INFO: [IP_Flow 19-4993] Using cached IP synthesis design for IP design_1_proc_sys_reset_0_0, cache-ID = bdaa135713cc94e8; cache size = 32.582 MB.
INFO: [IP_Flow 19-6924] IPCACHE: Running cache check for IP inst: design_1_smartconnect_0_0
INFO: [IP_Flow 19-6924] IPCACHE: Running cache check for IP inst: design_1_smartconnect_1_0
INFO: [IP_Flow 19-6922] IPCACHE: Exporting cached entry 150431c5f959a838 to dir: c:/Users/Arf/Desktop/IP-Camera/ip_camera/ip_camera.gen/sources_1/bd/design_1/ip/design_1_smartconnect_1_0
INFO: [IP_Flow 19-6928] IPCACHE: copied cached file c:/Users/Arf/Desktop/IP-Camera/ip_camera/ip_camera.cache/ip/2024.1/1/5/150431c5f959a838/design_1_smartconnect_1_0.dcp to c:/Users/Arf/Desktop/IP-Camera/ip_camera/ip_camera.gen/sources_1/bd/design_1/ip/design_1_smartconnect_1_0/design_1_smartconnect_1_0.dcp.
INFO: [IP_Flow 19-6926] IPCACHE: added file to list for BOM: c:/Users/Arf/Desktop/IP-Camera/ip_camera/ip_camera.gen/sources_1/bd/design_1/ip/design_1_smartconnect_1_0/design_1_smartconnect_1_0.dcp
INFO: [IP_Flow 19-6928] IPCACHE: copied cached file c:/Users/Arf/Desktop/IP-Camera/ip_camera/ip_camera.cache/ip/2024.1/1/5/150431c5f959a838/design_1_smartconnect_1_0_sim_netlist.v to c:/Users/Arf/Desktop/IP-Camera/ip_camera/ip_camera.gen/sources_1/bd/design_1/ip/design_1_smartconnect_1_0/design_1_smartconnect_1_0_sim_netlist.v.
INFO: [IP_Flow 19-6926] IPCACHE: added file to list for BOM: c:/Users/Arf/Desktop/IP-Camera/ip_camera/ip_camera.gen/sources_1/bd/design_1/ip/design_1_smartconnect_1_0/design_1_smartconnect_1_0_sim_netlist.v
INFO: [IP_Flow 19-6928] IPCACHE: copied cached file c:/Users/Arf/Desktop/IP-Camera/ip_camera/ip_camera.cache/ip/2024.1/1/5/150431c5f959a838/design_1_smartconnect_1_0_sim_netlist.vhdl to c:/Users/Arf/Desktop/IP-Camera/ip_camera/ip_camera.gen/sources_1/bd/design_1/ip/design_1_smartconnect_1_0/design_1_smartconnect_1_0_sim_netlist.vhdl.
INFO: [IP_Flow 19-6926] IPCACHE: added file to list for BOM: c:/Users/Arf/Desktop/IP-Camera/ip_camera/ip_camera.gen/sources_1/bd/design_1/ip/design_1_smartconnect_1_0/design_1_smartconnect_1_0_sim_netlist.vhdl
INFO: [IP_Flow 19-6928] IPCACHE: copied cached file c:/Users/Arf/Desktop/IP-Camera/ip_camera/ip_camera.cache/ip/2024.1/1/5/150431c5f959a838/design_1_smartconnect_1_0_stub.v to c:/Users/Arf/Desktop/IP-Camera/ip_camera/ip_camera.gen/sources_1/bd/design_1/ip/design_1_smartconnect_1_0/design_1_smartconnect_1_0_stub.v.
INFO: [IP_Flow 19-6926] IPCACHE: added file to list for BOM: c:/Users/Arf/Desktop/IP-Camera/ip_camera/ip_camera.gen/sources_1/bd/design_1/ip/design_1_smartconnect_1_0/design_1_smartconnect_1_0_stub.v
INFO: [IP_Flow 19-6928] IPCACHE: copied cached file c:/Users/Arf/Desktop/IP-Camera/ip_camera/ip_camera.cache/ip/2024.1/1/5/150431c5f959a838/design_1_smartconnect_1_0_stub.vhdl to c:/Users/Arf/Desktop/IP-Camera/ip_camera/ip_camera.gen/sources_1/bd/design_1/ip/design_1_smartconnect_1_0/design_1_smartconnect_1_0_stub.vhdl.
INFO: [IP_Flow 19-6926] IPCACHE: added file to list for BOM: c:/Users/Arf/Desktop/IP-Camera/ip_camera/ip_camera.gen/sources_1/bd/design_1/ip/design_1_smartconnect_1_0/design_1_smartconnect_1_0_stub.vhdl
INFO: [IP_Flow 19-4993] Using cached IP synthesis design for IP design_1_smartconnect_1_0, cache-ID = 150431c5f959a838; cache size = 32.582 MB.
config_ip_cache: Time (s): cpu = 00:00:08 ; elapsed = 00:00:11 . Memory (MB): peak = 2128.848 ; gain = 0.000
[Thu Jul 23 23:41:06 2026] Launched design_1_processing_system7_0_0_synth_1, design_1_smartconnect_0_0_synth_1...
Run output will be captured here:
design_1_processing_system7_0_0_synth_1: C:/Users/Arf/Desktop/IP-Camera/ip_camera/ip_camera.runs/design_1_processing_system7_0_0_synth_1/runme.log
design_1_smartconnect_0_0_synth_1: C:/Users/Arf/Desktop/IP-Camera/ip_camera/ip_camera.runs/design_1_smartconnect_0_0_synth_1/runme.log
[Thu Jul 23 23:41:08 2026] Launched synth_1...
Run output will be captured here: C:/Users/Arf/Desktop/IP-Camera/ip_camera/ip_camera.runs/synth_1/runme.log
launch_runs: Time (s): cpu = 00:01:27 ; elapsed = 00:02:04 . Memory (MB): peak = 2128.848 ; gain = 91.027
launch_runs impl_1 -jobs 2
[Fri Jul 24 00:06:47 2026] Launched impl_1...
Run output will be captured here: C:/Users/Arf/Desktop/IP-Camera/ip_camera/ip_camera.runs/impl_1/runme.log
launch_runs: Time (s): cpu = 00:00:01 ; elapsed = 00:00:11 . Memory (MB): peak = 2128.848 ; gain = 0.000
open_run impl_1
INFO: [Device 21-403] Loading part xc7z010clg400-1
INFO: [Device 21-9227] Part: xc7z010clg400-1 does not have CEAM library.
Netlist sorting complete. Time (s): cpu = 00:00:01 ; elapsed = 00:00:01 . Memory (MB): peak = 2258.098 ; gain = 0.000
INFO: [Netlist 29-17] Analyzing 156 Unisim elements for replacement
INFO: [Netlist 29-28] Unisim Transformation completed in 0 CPU seconds
INFO: [Project 1-479] Netlist was created with Vivado 2024.1
INFO: [Project 1-570] Preparing netlist for logic optimization
Read ShapeDB Complete: Time (s): cpu = 00:00:00 ; elapsed = 00:00:00.458 . Memory (MB): peak = 2386.016 ; gain = 2.012
INFO: [Timing 38-478] Restoring timing data from binary archive.
INFO: [Timing 38-479] Binary timing data restore complete.
INFO: [Project 1-856] Restoring constraints from binary archive.
INFO: [Project 1-853] Binary constraint restore complete.
INFO: [Designutils 20-5722] Start Reading Physical Databases.
Reading placement.
Read Netlist Cache: Time (s): cpu = 00:00:00 ; elapsed = 00:00:00.010 . Memory (MB): peak = 2996.363 ; gain = 0.000
Reading placer database...
Read Device Cache: Time (s): cpu = 00:00:00 ; elapsed = 00:00:00.127 . Memory (MB): peak = 2996.363 ; gain = 0.000
Read PlaceDB: Time (s): cpu = 00:00:01 ; elapsed = 00:00:01 . Memory (MB): peak = 2996.363 ; gain = 0.000
Read PulsedLatchDB: Time (s): cpu = 00:00:00 ; elapsed = 00:00:00 . Memory (MB): peak = 2996.363 ; gain = 0.000
Reading routing.
Read RouteStorage: Time (s): cpu = 00:00:00 ; elapsed = 00:00:00.928 . Memory (MB): peak = 2996.363 ; gain = 0.000
Read Physdb Files: Time (s): cpu = 00:00:01 ; elapsed = 00:00:02 . Memory (MB): peak = 2996.363 ; gain = 0.000
Restored from archive | CPU: 1.000000 secs | Memory: 0.000000 MB |
Finished XDEF File Restore: Time (s): cpu = 00:00:01 ; elapsed = 00:00:03 . Memory (MB): peak = 2996.363 ; gain = 0.000
Netlist sorting complete. Time (s): cpu = 00:00:00 ; elapsed = 00:00:00.006 . Memory (MB): peak = 2996.363 ; gain = 0.000
INFO: [Project 1-111] Unisim Transformation Summary:
  A total of 29 instances were transformed.
  RAM32M => RAM32M (RAMD32(x6), RAMS32(x2)): 29 instances

open_run: Time (s): cpu = 00:01:04 ; elapsed = 00:04:05 . Memory (MB): peak = 3089.832 ; gain = 960.984
open_report: Time (s): cpu = 00:00:07 ; elapsed = 00:00:11 . Memory (MB): peak = 3604.730 ; gain = 514.898
WARNING: [Timing 38-436] There are set_bus_skew constraint(s) in this design. Please run report_bus_skew to ensure that bus skew requirements are met.
launch_runs impl_1 -to_step write_bitstream -jobs 2
[Fri Jul 24 00:35:44 2026] Launched impl_1...
Run output will be captured here: C:/Users/Arf/Desktop/IP-Camera/ip_camera/ip_camera.runs/impl_1/runme.log
launch_runs: Time (s): cpu = 00:00:01 ; elapsed = 00:00:11 . Memory (MB): peak = 3614.750 ; gain = 0.000
write_hw_platform -fixed -include_bit -force -file C:/Users/Arf/Desktop/IP-Camera/ip_camera/design_1_wrapper.xsa
INFO: [Project 1-1918] Creating Hardware Platform: C:/Users/Arf/Desktop/IP-Camera/ip_camera/design_1_wrapper.xsa ...
INFO: [Project 1-1943] The Hardware Platform can be used for Hardware
INFO: [Project 1-1941] Successfully created Hardware Platform: C:/Users/Arf/Desktop/IP-Camera/ip_camera/design_1_wrapper.xsa
INFO: [Hsi 55-2053] elapsed time for repository (E:/xilinx/Vivado/2024.1/data/embeddedsw) loading 17 seconds
write_hw_platform: Time (s): cpu = 00:00:07 ; elapsed = 00:01:10 . Memory (MB): peak = 3634.273 ; gain = 19.523
exit
INFO: [Common 17-206] Exiting Vivado at Fri Jul 24 00:56:30 2026...
