#-----------------------------------------------------------
# Vivado v2024.1 (64-bit)
# SW Build 5076996 on Wed May 22 18:37:14 MDT 2024
# IP Build 5075265 on Wed May 22 21:45:21 MDT 2024
# SharedData Build 5076995 on Wed May 22 18:29:18 MDT 2024
# Start of session at: Tue Jun  9 19:00:11 2026
# Process ID: 4648
# Current directory: C:/Users/Arf/Desktop/ip_camera/New folder/IP-Camera-on-board-Antminer-S9/ip_camera
# Command line: vivado.exe -gui_launcher_event rodinguilauncherevent7560 C:\Users\Arf\Desktop\ip_camera\New folder\IP-Camera-on-board-Antminer-S9\ip_camera\ip_camera.xpr
# Log file: C:/Users/Arf/Desktop/ip_camera/New folder/IP-Camera-on-board-Antminer-S9/ip_camera/vivado.log
# Journal file: C:/Users/Arf/Desktop/ip_camera/New folder/IP-Camera-on-board-Antminer-S9/ip_camera\vivado.jou
# Running On        :DESKTOP-GTOUM49
# Platform          :Windows Server 2016 or Windows 10
# Operating System  :19045
# Processor Detail  :Intel(R) Core(TM) i3-8130U CPU @ 2.20GHz
# CPU Frequency     :2208 MHz
# CPU Physical cores:2
# CPU Logical cores :4
# Host memory       :3688 MB
# Swap memory       :4162 MB
# Total Virtual     :7851 MB
# Available Virtual :4706 MB
#-----------------------------------------------------------
start_gui
open_project {C:/Users/Arf/Desktop/ip_camera/New folder/IP-Camera-on-board-Antminer-S9/ip_camera/ip_camera.xpr}
update_compile_order -fileset sources_1
open_bd_design {C:/Users/Arf/Desktop/ip_camera/New folder/IP-Camera-on-board-Antminer-S9/ip_camera/ip_camera.srcs/sources_1/bd/design_1/design_1.bd}
validate_bd_design
set_property location {838 9} [get_bd_ports I2C0_SDA_I_0]
validate_bd_design
startgroup
set_property CONFIG.PCW_I2C0_PERIPHERAL_ENABLE {0} [get_bd_cells processing_system7_0]
delete_bd_objs [get_bd_nets I2C0_SDA_I_0_1] [get_bd_nets processing_system7_0_I2C0_SCL_O]
endgroup
delete_bd_objs [get_bd_ports I2C0_SCL_O_0]
delete_bd_objs [get_bd_ports I2C0_SDA_I_0]
validate_bd_design
